2026-08-20 03:07:41,653 - INFO - generated new fontManager
2026-08-20 12:16:12,654 - WARNING - Correlation ID: None
2026-08-20 12:16:12,655 - INFO - Generated new Correlation ID: 4b959fd3-d269-4535-a416-b19e99146ecc
2026-08-20 12:16:12,655 - WARNING - Authorization header is missing
2026-08-20 12:16:12,655 - INFO - Client may be named: False
2026-08-20 12:16:14,014 - INFO - Multi-source case study saved to: C:\Users\Lenovo\Desktop\ForgeCase\generator_multi_source_case_study\case_study-eng-01.pdf
2026-08-20 12:16:14,015 - INFO - Multi-source case study generation time: 1.36 seconds
2026-08-20 12:47:04,091 - WARNING - Authorization header is missing
2026-08-20 12:47:04,092 - INFO - Client may be named: False
2026-08-20 12:47:06,325 - INFO - Multi-source case study saved to: C:\Users\Lenovo\Desktop\ForgeCase\generator_multi_source_case_study\case_study-eng-01.pdf
2026-08-20 12:47:06,326 - INFO - Multi-source case study generation time: 2.23 seconds
2026-08-20 12:54:38,232 - WARNING - Authorization header is missing
2026-08-20 12:54:38,232 - INFO - Client may be named: False
2026-08-20 12:54:39,790 - INFO - Multi-source case study saved to: C:\Users\Lenovo\Desktop\ForgeCase\generator_multi_source_case_study\case_study-eng-01.pdf
2026-08-20 12:54:39,795 - INFO - Multi-source case study generation time: 1.56 seconds
2026-08-20 13:03:25,226 - WARNING - Authorization header is missing
2026-08-20 13:03:25,226 - INFO - Client may be named: False
2026-08-20 13:03:26,685 - INFO - Multi-source case study saved to: C:\Users\Lenovo\Desktop\ForgeCase\generator_multi_source_case_study\case_study-eng-01.pdf
2026-08-20 13:03:26,686 - INFO - Multi-source case study generation time: 1.46 seconds
2026-08-20 15:26:50,122 - WARNING - Authorization header is missing
2026-08-20 15:26:50,151 - INFO - Client may be named: False
2026-08-20 15:26:52,303 - INFO - Multi-source case study saved to: C:\Users\Lenovo\Desktop\ForgeCase\generator_multi_source_case_study\case_study-eng-01.pdf
2026-08-20 15:26:52,303 - INFO - Multi-source case study generation time: 2.16 seconds
2026-08-21 00:48:05,048 - WARNING - Authorization header is missing
2026-08-21 00:48:05,054 - INFO - Client may be named: False
2026-08-21 00:48:06,423 - INFO - Multi-source case study saved to: C:\Users\Lenovo\Desktop\ForgeCase\generator_multi_source_case_study\case_study-eng-01.pdf
2026-08-21 00:48:06,424 - INFO - Multi-source case study generation time: 1.37 seconds
2026-08-21 11:21:08,885 - WARNING - Correlation ID: None
2026-08-21 11:21:08,886 - INFO - Generated new Correlation ID: 3e9535b7-a569-42d4-8dfd-676a21059fd5
2026-08-21 11:21:08,886 - WARNING - Authorization header is missing
2026-08-21 11:21:08,887 - INFO - Client may be named: False
2026-08-21 11:21:10,190 - INFO - Multi-source case study saved to: C:\Users\Lenovo\Desktop\ForgeCase\generator_multi_source_case_study\case_study-eng-01.pdf
2026-08-21 11:21:10,190 - INFO - Multi-source case study generation time: 1.30 seconds
2026-08-21 11:22:22,822 - WARNING - Authorization header is missing
2026-08-21 11:22:22,822 - INFO - Client may be named: False
2026-08-21 11:22:24,317 - INFO - Multi-source case study saved to: C:\Users\Lenovo\Desktop\ForgeCase\generator_multi_source_case_study\case_study-eng-01.pdf
2026-08-21 11:22:24,318 - INFO - Multi-source case study generation time: 1.50 seconds
2026-08-21 11:22:32,612 - WARNING - Authorization header is missing
2026-08-21 11:22:32,612 - INFO - Client may be named: False
2026-08-21 11:22:34,095 - INFO - Multi-source case study saved to: C:\Users\Lenovo\Desktop\ForgeCase\generator_multi_source_case_study\case_study-eng-01.pdf
2026-08-21 11:22:34,095 - INFO - Multi-source case study generation time: 1.48 seconds
2026-08-21 11:54:05,322 - WARNING - Authorization header is missing
2026-08-21 11:54:05,328 - INFO - Client may be named: False
2026-08-21 11:54:07,016 - INFO - Multi-source case study saved to: C:\Users\Lenovo\Desktop\ForgeCase\generator_multi_source_case_study\case_study-eng-01.pdf
2026-08-21 11:54:07,017 - INFO - Multi-source case study generation time: 1.69 seconds
2026-08-21 11:54:15,232 - WARNING - Authorization header is missing
2026-08-21 11:54:15,232 - INFO - Client may be named: False
2026-08-21 11:54:16,778 - INFO - Multi-source case study saved to: C:\Users\Lenovo\Desktop\ForgeCase\generator_multi_source_case_study\case_study-eng-01.pdf
2026-08-21 11:54:16,779 - INFO - Multi-source case study generation time: 1.55 seconds
2026-08-21 12:38:39,718 - WARNING - Authorization header is missing
2026-08-21 12:38:39,723 - INFO - Client may be named: False
2026-08-21 12:38:41,848 - INFO - Multi-source case study saved to: C:\Users\Lenovo\Desktop\ForgeCase\generator_multi_source_case_study\case_study-eng-01.pdf
2026-08-21 12:38:41,848 - INFO - Multi-source case study generation time: 2.13 seconds
2026-08-21 12:38:50,191 - WARNING - Authorization header is missing
2026-08-21 12:38:50,191 - INFO - Client may be named: False
2026-08-21 12:38:52,613 - INFO - Multi-source case study saved to: C:\Users\Lenovo\Desktop\ForgeCase\generator_multi_source_case_study\case_study-eng-01.pdf
2026-08-21 12:38:52,614 - INFO - Multi-source case study generation time: 2.42 seconds
2026-08-21 12:41:03,213 - WARNING - Authorization header is missing
2026-08-21 12:41:03,213 - INFO - Client may be named: False
2026-08-21 12:41:04,775 - INFO - Multi-source case study saved to: C:\Users\Lenovo\Desktop\ForgeCase\generator_multi_source_case_study\case_study-eng-01.pdf
2026-08-21 12:41:04,775 - INFO - Multi-source case study generation time: 1.56 seconds
2026-08-26 13:53:49,802 - INFO - Loading faiss with AVX2 support.
2026-08-26 13:53:49,803 - INFO - Could not load library with AVX2 support due to:
ModuleNotFoundError("No module named 'faiss.swigfaiss_avx2'")
2026-08-26 13:53:49,803 - INFO - Loading faiss.
2026-08-26 13:53:49,848 - INFO - Successfully loaded faiss.
2026-08-26 14:01:32,712 - INFO - Loading faiss with AVX2 support.
2026-08-26 14:01:32,713 - INFO - Could not load library with AVX2 support due to:
ModuleNotFoundError("No module named 'faiss.swigfaiss_avx2'")
2026-08-26 14:01:32,713 - INFO - Loading faiss.
2026-08-26 14:01:33,227 - INFO - Successfully loaded faiss.
2026-08-26 14:20:48,982 - WARNING - Authorization header is missing
2026-08-26 14:20:48,999 - INFO - Client may be named: False
2026-08-26 14:20:53,087 - INFO - Multi-source case study saved to: C:\Users\Lenovo\Desktop\ForgeCase\generator_multi_source_case_study\case_study-eng-01.pdf
2026-08-26 14:20:53,087 - INFO - Multi-source case study generation time: 4.09 seconds
2026-08-26 14:25:11,293 - WARNING - Authorization header is missing
2026-08-26 14:25:11,297 - INFO - Client may be named: False
2026-08-26 14:25:12,797 - INFO - Multi-source case study saved to: C:\Users\Lenovo\Desktop\ForgeCase\generator_multi_source_case_study\case_study-eng-01.pdf
2026-08-26 14:25:12,798 - INFO - Multi-source case study generation time: 1.50 seconds
2026-08-26 14:25:21,006 - WARNING - Authorization header is missing
2026-08-26 14:25:21,006 - INFO - Client may be named: False
2026-08-26 14:25:22,387 - INFO - Multi-source case study saved to: C:\Users\Lenovo\Desktop\ForgeCase\generator_multi_source_case_study\case_study-eng-01.pdf
2026-08-26 14:25:22,387 - INFO - Multi-source case study generation time: 1.38 seconds
