2026-08-20 12:47:08,452 - WARNING - Authorization header is missing
2026-08-20 12:47:08,454 - INFO - Verification completed for record ID eng-01 with verdict: PASS
2026-08-20 12:54:41,832 - WARNING - Authorization header is missing
2026-08-20 12:54:41,833 - INFO - Verification completed for record ID eng-01 with verdict: PASS
2026-08-20 13:03:28,726 - WARNING - Authorization header is missing
2026-08-20 13:03:28,727 - INFO - Verification completed for record ID eng-01 with verdict: PASS
2026-08-20 15:26:54,433 - WARNING - Authorization header is missing
2026-08-20 15:26:54,435 - INFO - Verification completed for record ID eng-01 with verdict: PASS
2026-08-20 15:28:38,032 - WARNING - Correlation ID: None
2026-08-20 15:28:38,032 - INFO - Generated new Correlation ID: 18080e43-c51f-48e2-aa88-7e9bc7c6598a
2026-08-20 15:28:38,032 - WARNING - Authorization header is missing
2026-08-20 15:28:38,032 - INFO - Verification completed for record ID eng-01 with verdict: BLOCK
2026-08-21 00:48:08,589 - WARNING - Authorization header is missing
2026-08-21 00:48:08,597 - INFO - Verification completed for record ID eng-01 with verdict: PASS
2026-08-21 00:52:05,083 - WARNING - Correlation ID: None
2026-08-21 00:52:05,090 - INFO - Generated new Correlation ID: 03fdc95c-148c-4332-98e4-d4f72e9c021f
2026-08-21 00:52:05,090 - WARNING - Authorization header is missing
2026-08-21 00:52:05,090 - INFO - Verification completed for record ID eng-01 with verdict: BLOCK
2026-08-21 11:22:26,346 - WARNING - Authorization header is missing
2026-08-21 11:22:26,413 - INFO - Verification completed for record ID eng-01 with verdict: PASS
2026-08-21 11:22:36,127 - WARNING - Authorization header is missing
2026-08-21 11:22:36,129 - INFO - Verification completed for record ID eng-01 with verdict: PASS
2026-08-21 11:54:09,061 - WARNING - Authorization header is missing
2026-08-21 11:54:09,066 - INFO - Verification completed for record ID eng-01 with verdict: PASS
2026-08-21 11:54:18,915 - WARNING - Authorization header is missing
2026-08-21 11:54:18,916 - INFO - Verification completed for record ID eng-01 with verdict: PASS
2026-08-21 12:38:43,931 - WARNING - Authorization header is missing
2026-08-21 12:38:43,936 - INFO - Verification completed for record ID eng-01 with verdict: PASS
2026-08-21 12:38:54,684 - WARNING - Authorization header is missing
2026-08-21 12:38:54,685 - INFO - Verification completed for record ID eng-01 with verdict: PASS
2026-08-21 12:41:06,902 - WARNING - Authorization header is missing
2026-08-21 12:41:06,902 - INFO - Verification completed for record ID eng-01 with verdict: PASS
2026-08-21 12:41:20,820 - WARNING - Correlation ID: None
2026-08-21 12:41:20,833 - INFO - Generated new Correlation ID: e92bf907-82b3-48fc-8db2-b72d8bf1e69a
2026-08-21 12:41:20,833 - WARNING - Authorization header is missing
2026-08-21 12:41:20,833 - INFO - Verification completed for record ID eng-01 with verdict: BLOCK
2026-08-26 14:20:55,193 - WARNING - Authorization header is missing
2026-08-26 14:20:55,220 - INFO - Verification completed for record ID eng-01 with verdict: PASS
2026-08-26 14:25:14,842 - WARNING - Authorization header is missing
2026-08-26 14:25:14,845 - INFO - Verification completed for record ID eng-01 with verdict: PASS
2026-08-26 14:25:24,431 - WARNING - Authorization header is missing
2026-08-26 14:25:24,432 - INFO - Verification completed for record ID eng-01 with verdict: PASS
